<html>
<body>
<pre>
<h1>µVision Build Log</h1>
<h2>Tool Versions:</h2>
IDE-Version: µVision V5.38.0.0
Copyright (C) 2022 ARM Ltd and ARM Germany GmbH. All rights reserved.
License Information: mohammed shameem emcus technologies Flex license: MDK Essential 5.38 (Flex): 2 user(s) (mdk_essential) Support: May 2024
 
Tool Versions:
Toolchain:       MDK Essential 5.38 (Flex): 2 user(s)  Version: 5.38.0.0
Toolchain Path:  C:\keil\ARM\ARMCC\Bin
C Compiler:      Armcc.exe V5.06 update 7 (build 960)
Assembler:       Armasm.exe V5.06 update 7 (build 960)
Linker/Locator:  ArmLink.exe V5.06 update 7 (build 960)
Library Manager: ArmAr.exe V5.06 update 7 (build 960)
Hex Converter:   FromElf.exe V5.06 update 7 (build 960)
CPU DLL:         SARMCM3.DLL V5.38.0.0
Dialog DLL:      DCM.DLL V1.17.5.0
Target DLL:      STLink\ST-LINKIII-KEIL_SWO.dll V3.1.0.0
Dialog DLL:      TCM.DLL V1.56.4.0
 
<h2>Project:</h2>
C:\Users\mohammedshameemTV\Work_space\WOLF_MQTT\MDK-ARM\WOLF_MQTT.uvprojx
Project File Date:  11/26/2025

<h2>Output:</h2>
*** Using Compiler 'V5.06 update 7 (build 960)', folder: 'C:\keil\ARM\ARMCC\Bin'
Build target 'WOLF_MQTT'
Note: source file '..\scorpio_app\mqtt.c' - object file renamed from 'WOLF_MQTT\mqtt.o' to 'WOLF_MQTT\mqtt_1.o'.
Note: source file '../Middlewares/Third_Party/wolfSSL_wolfMQTT_wolfMQTT/wolfmqtt/src/mqtt_client.c' - object file renamed from 'WOLF_MQTT\mqtt_client.o' to 'WOLF_MQTT\mqtt_client_1.o'.
compiling mqtt.c...
..\scorpio_app\mqtt.h(23): warning:  #1-D: last line of file ends without a newline
  #endif/* MQTT_H */
..\scorpio_app\mqtt.h(23): warning:  #1-D: last line of file ends without a newline
  #endif/* MQTT_H */
..\scorpio_app\mqtt.c(166): warning:  #167-D: argument of type "uint8_t *" is incompatible with parameter of type "char *restrict"
          snprintf(au8_dbg_buff, sizeof(au8_dbg_buff),
..\scorpio_app\mqtt.c(176): warning:  #167-D: argument of type "uint8_t *" is incompatible with parameter of type "char *restrict"
              snprintf(au8_dbg_buff, sizeof(au8_dbg_buff),
..\scorpio_app\mqtt.c(190): warning:  #167-D: argument of type "uint8_t *" is incompatible with parameter of type "char *restrict"
              snprintf(au8_dbg_buff, sizeof(au8_dbg_buff),
..\scorpio_app\mqtt.c(214): warning:  #167-D: argument of type "uint8_t *" is incompatible with parameter of type "char *restrict"
              snprintf(au8_dbg_buff, sizeof(au8_dbg_buff),
..\scorpio_app\mqtt.c(223): warning:  #167-D: argument of type "uint8_t *" is incompatible with parameter of type "char *restrict"
          snprintf(au8_dbg_buff, sizeof(au8_dbg_buff),
..\scorpio_app\mqtt.c(235): warning:  #167-D: argument of type "uint8_t *" is incompatible with parameter of type "char *restrict"
      snprintf(au8_dbg_buff, sizeof(au8_dbg_buff),
..\scorpio_app\mqtt.c(400): warning:  #167-D: argument of type "uint8_t *" is incompatible with parameter of type "char *restrict"
          sprintf(u8_print_buff, "Received PUBLISH topic: %s\n", publish->topic_name);
..\scorpio_app\mqtt.c(403): warning:  #167-D: argument of type "uint8_t *" is incompatible with parameter of type "char *restrict"
          sprintf(u8_print_buff, "Payload: %.*s\n", publish->total_len, publish->buffer);
..\scorpio_app\mqtt.c(418): warning:  #167-D: argument of type "uint8_t *" is incompatible with parameter of type "char *restrict"
          sprintf(u8_print_buff, "Unhandled message type: %d\n", message->type);
..\scorpio_app\mqtt.c(461): warning:  #167-D: argument of type "uint8_t *" is incompatible with parameter of type "char *restrict"
                  sprintf(u8_print_buff, "\r\nMqttClient_Init error: %d\n", i32_rc);
..\scorpio_app\mqtt.c(471): warning:  #167-D: argument of type "uint8_t *" is incompatible with parameter of type "char *restrict"
                      sprintf(u8_print_buff, "\r\nMqttClient_Netconnect error: %d\n", i32_rc);
..\scorpio_app\mqtt.c(489): warning:  #167-D: argument of type "uint8_t *" is incompatible with parameter of type "char *restrict"
                  sprintf(u8_print_buff, "\r\nMQTT connect error: %d\n", i32_rc);
..\scorpio_app\mqtt.c(506): warning:  #167-D: argument of type "uint8_t *" is incompatible with parameter of type "char *restrict"
                  sprintf(u8_print_buff, "Subscribe failed: %d\n", i32_rc);
..\scorpio_app\mqtt.c(523): warning:  #188-D: enumerated type mixed with another type
              publish.qos = 0;
..\scorpio_app\mqtt.c(527): warning:  #167-D: argument of type "uint8_t *" is incompatible with parameter of type "const char *"
              publish.total_len = (word16)strlen(au8_status_buf);
..\scorpio_app\mqtt.c(561): warning:  #167-D: argument of type "uint8_t *" is incompatible with parameter of type "char *restrict"
                      sprintf(u8_print_buff, "WaitMessage error: %d\n", i32_rc);
..\scorpio_app\mqtt.c(436): warning:  #177-D: variable "ip_address"  was declared but never referenced
      ip_addr_t ip_address;
..\scorpio_app\mqtt.c(591): warning:  #188-D: enumerated type mixed with another type
      MqttPublish publish = {0};
..\scorpio_app\mqtt.c(592): warning:  #188-D: enumerated type mixed with another type
      publish.qos = 2;
..\scorpio_app\mqtt.c(589): warning:  #177-D: variable "u8_print_buff"  was declared but never referenced
  	  uint8_t u8_print_buff[100];
..\scorpio_app\mqtt.c: 22 warnings, 0 errors
linking...
Program Size: Code=320884 RO-data=169272 RW-data=1260 ZI-data=100984  
FromELF: creating hex file...
"WOLF_MQTT\WOLF_MQTT.axf" - 0 Error(s), 22 Warning(s).

<h2>Software Packages used:</h2>

Package Vendor: ARM
                https://www.keil.com/pack/ARM.CMSIS.6.1.0.pack
                ARM.CMSIS.6.1.0
                CMSIS (Common Microcontroller Software Interface Standard)
   * Component: CORE Version: 6.1.0

Package Vendor: Keil
                https://www.keil.com/pack/Keil.ARM_Compiler.1.7.2.pack
                Keil.ARM_Compiler.1.7.2
                Keil ARM Compiler extensions for ARM Compiler 5 and ARM Compiler 6
   * Component: STDERR Variant: Breakpoint Version: 1.2.0
   * Component: STDIN Variant: ITM Version: 1.2.0
   * Component: STDOUT Variant: User Version: 1.2.0

Package Vendor: Keil
                https://www.keil.com/pack/Keil.STM32F2xx_DFP.2.11.0.pack
                Keil.STM32F2xx_DFP.2.11.0
                STMicroelectronics STM32F2 Series Device Support, Drivers and Examples

<h2>Collection of Component include folders:</h2>
  ./RTE/_WOLF_MQTT
  C:/KEIL/ARM/CMSIS/6.1.0/CMSIS/Core/Include
  C:/KEIL/Keil/STM32F2xx_DFP/2.11.0/Drivers/CMSIS/Device/ST/STM32F2xx/Include

<h2>Collection of Component Files used:</h2>

   * Component: ARM::CMSIS:CORE:6.1.0
      Include file:  CMSIS/Core/Include/tz_context.h

   * Component: Keil.ARM Compiler::Compiler:I/O:STDERR:Breakpoint:1.2.0
      Source file:   Source/retarget_io.c

   * Component: Keil.ARM Compiler::Compiler:I/O:STDIN:ITM:1.2.0
      Source file:   Source/retarget_io.c

   * Component: Keil.ARM Compiler::Compiler:I/O:STDOUT:User:1.2.0
      Source file:   Source/retarget_io.c
      Source file:   Template/stdout_display.c
      Source file:   Template/stdout_USART.c
      Source file:   Template/stdout_user.c
Build Time Elapsed:  00:00:21
</pre>
</body>
</html>
